MPLINK 4.49, Linker
Linker Map File - Created Fri May 13 23:45:18 2016

                                 Section Info
                  Section       Type    Address   Location Size(Bytes)
                ---------  ---------  ---------  ---------  ---------
                   .org_0       code   0x000000    program   0x000002
                   .cinit    romdata   0x000001    program   0x000004
                   .org_1       code   0x000004    program   0x0000d2
      .config_2007_MAIN.O       code   0x002007    program   0x000002



                              Program Memory Usage 
                               Start         End      
                           ---------   ---------      
                            0x000000    0x000002      
                            0x000004    0x00006c      
                            0x002007    0x002007      
            109 out of 1158 program addresses used, program memory utilization is 9%



                              Symbols - Sorted by Name
                     Name    Address   Location    Storage File                     
                ---------  ---------  ---------  --------- ---------                
             _.org_1_0057   0x000057    program     static C:\Users\user\Documents\GitHub\Enerig\firmware\ASM\main.asm
             _.org_1_005B   0x00005b    program     static C:\Users\user\Documents\GitHub\Enerig\firmware\ASM\main.asm
             _.org_1_0061   0x000061    program     static C:\Users\user\Documents\GitHub\Enerig\firmware\ASM\main.asm
             _.org_1_0062   0x000062    program     static C:\Users\user\Documents\GitHub\Enerig\firmware\ASM\main.asm
             _.org_1_0063   0x000063    program     static C:\Users\user\Documents\GitHub\Enerig\firmware\ASM\main.asm
             _.org_1_0064   0x000064    program     static C:\Users\user\Documents\GitHub\Enerig\firmware\ASM\main.asm
             _.org_1_0065   0x000065    program     static C:\Users\user\Documents\GitHub\Enerig\firmware\ASM\main.asm
             _.org_1_0066   0x000066    program     static C:\Users\user\Documents\GitHub\Enerig\firmware\ASM\main.asm
             _.org_1_0067   0x000067    program     static C:\Users\user\Documents\GitHub\Enerig\firmware\ASM\main.asm
             _.org_1_0068   0x000068    program     static C:\Users\user\Documents\GitHub\Enerig\firmware\ASM\main.asm
             _.org_1_0069   0x000069    program     static C:\Users\user\Documents\GitHub\Enerig\firmware\ASM\main.asm
                decrement   0x000045    program     static C:\Users\user\Documents\GitHub\Enerig\firmware\ASM\main.asm
                 dropcoil   0x00004e    program     static C:\Users\user\Documents\GitHub\Enerig\firmware\ASM\main.asm
                increment   0x00003b    program     static C:\Users\user\Documents\GitHub\Enerig\firmware\ASM\main.asm
                     main   0x00000c    program     static C:\Users\user\Documents\GitHub\Enerig\firmware\ASM\main.asm
                next_edge   0x00001c    program     static C:\Users\user\Documents\GitHub\Enerig\firmware\ASM\main.asm
               raise_coil   0x00006b    program     static C:\Users\user\Documents\GitHub\Enerig\firmware\ASM\main.asm
                 read_adc   0x000055    program     static C:\Users\user\Documents\GitHub\Enerig\firmware\ASM\main.asm
                  restart   0x00001b    program     static C:\Users\user\Documents\GitHub\Enerig\firmware\ASM\main.asm
             wait_advance   0x000030    program     static C:\Users\user\Documents\GitHub\Enerig\firmware\ASM\main.asm
            wait_base_Trb   0x00005a    program     static C:\Users\user\Documents\GitHub\Enerig\firmware\ASM\main.asm
           wait_extra_Trb   0x00005d    program     static C:\Users\user\Documents\GitHub\Enerig\firmware\ASM\main.asm
         wait_rising_edge   0x000021    program     static C:\Users\user\Documents\GitHub\Enerig\firmware\ASM\main.asm
      waiting_advance_end   0x000036    program     static C:\Users\user\Documents\GitHub\Enerig\firmware\ASM\main.asm



                              Symbols - Sorted by Address
                     Name    Address   Location    Storage File                     
                ---------  ---------  ---------  --------- ---------                
                     main   0x00000c    program     static C:\Users\user\Documents\GitHub\Enerig\firmware\ASM\main.asm
                  restart   0x00001b    program     static C:\Users\user\Documents\GitHub\Enerig\firmware\ASM\main.asm
                next_edge   0x00001c    program     static C:\Users\user\Documents\GitHub\Enerig\firmware\ASM\main.asm
         wait_rising_edge   0x000021    program     static C:\Users\user\Documents\GitHub\Enerig\firmware\ASM\main.asm
             wait_advance   0x000030    program     static C:\Users\user\Documents\GitHub\Enerig\firmware\ASM\main.asm
      waiting_advance_end   0x000036    program     static C:\Users\user\Documents\GitHub\Enerig\firmware\ASM\main.asm
                increment   0x00003b    program     static C:\Users\user\Documents\GitHub\Enerig\firmware\ASM\main.asm
                decrement   0x000045    program     static C:\Users\user\Documents\GitHub\Enerig\firmware\ASM\main.asm
                 dropcoil   0x00004e    program     static C:\Users\user\Documents\GitHub\Enerig\firmware\ASM\main.asm
                 read_adc   0x000055    program     static C:\Users\user\Documents\GitHub\Enerig\firmware\ASM\main.asm
             _.org_1_0057   0x000057    program     static C:\Users\user\Documents\GitHub\Enerig\firmware\ASM\main.asm
            wait_base_Trb   0x00005a    program     static C:\Users\user\Documents\GitHub\Enerig\firmware\ASM\main.asm
             _.org_1_005B   0x00005b    program     static C:\Users\user\Documents\GitHub\Enerig\firmware\ASM\main.asm
           wait_extra_Trb   0x00005d    program     static C:\Users\user\Documents\GitHub\Enerig\firmware\ASM\main.asm
             _.org_1_0061   0x000061    program     static C:\Users\user\Documents\GitHub\Enerig\firmware\ASM\main.asm
             _.org_1_0062   0x000062    program     static C:\Users\user\Documents\GitHub\Enerig\firmware\ASM\main.asm
             _.org_1_0063   0x000063    program     static C:\Users\user\Documents\GitHub\Enerig\firmware\ASM\main.asm
             _.org_1_0064   0x000064    program     static C:\Users\user\Documents\GitHub\Enerig\firmware\ASM\main.asm
             _.org_1_0065   0x000065    program     static C:\Users\user\Documents\GitHub\Enerig\firmware\ASM\main.asm
             _.org_1_0066   0x000066    program     static C:\Users\user\Documents\GitHub\Enerig\firmware\ASM\main.asm
             _.org_1_0067   0x000067    program     static C:\Users\user\Documents\GitHub\Enerig\firmware\ASM\main.asm
             _.org_1_0068   0x000068    program     static C:\Users\user\Documents\GitHub\Enerig\firmware\ASM\main.asm
             _.org_1_0069   0x000069    program     static C:\Users\user\Documents\GitHub\Enerig\firmware\ASM\main.asm
               raise_coil   0x00006b    program     static C:\Users\user\Documents\GitHub\Enerig\firmware\ASM\main.asm


